
> next_app_tmp@0.1.0 build
> next build

Γû▓ Next.js 16.1.6 (Turbopack)
- Environments: .env

  Creating an optimized production build ...
Γ£ô Compiled successfully in 4.0s
  Running TypeScript ...
npm : Failed to compile.
At line:1 char:1
+ npm run build 2>&1 | Tee-Object -FilePath 
build-errors.txt
+ ~~~~~~~~~~~~~~~~~~
    + CategoryInfo          : NotSpecified: 
    (Failed to compile.:String) [], Remote  
  Exception
    + FullyQualifiedErrorId : NativeCommand 
   Error
 

./src/components/ui/resizable.tsx:6:102
Type error: Property 'PanelGroup' does not 
exist on type 'typeof import("D:/Jagdish/stt
artup/restaurant-hub-main/node_modules/react
-resizable-panels/dist/react-resizable-panel
s")'.

[0m [90m 4 |[39m [36mimport[39m { cn } 
[36mfrom[39m 
[32m"@/lib/utils"[39m[33m;[39m
 [90m 5 |[39m
[31m[1m>[22m[39m[90m 6 |[39m 
[36mconst[39m 
[33mResizablePanelGroup[39m [33m=[39m 
({ className[33m,[39m [33m...[39mprops 
}[33m:[39m [33mReact[39m[33m.[39m[33m
ComponentProps[39m[33m<[39m[36mtypeof[3
9m [33mResizablePrimitive[39m[33m.[39m[
33mPanelGroup[39m[33m>[39m) [33m=>[39m 
(
 [90m   |[39m                             
                                            
                             
[31m[1m^[22m[39m
 [90m 7 |[39m   [33m<[39m[33mResizableP
rimitive[39m[33m.[39m[33mPanelGroup[39m
 [90m 8 |[39m     
className[33m=[39m{cn([32m"flex h-full 
w-full data-[panel-group-direction=vertical]
:flex-col"[39m[33m,[39m className)}
 [90m 9 |[39m     {[33m...[39mprops}[0m
Next.js build worker exited with code: 1 
and signal: null
