
> next_app_tmp@0.1.0 build
> next build

Γû▓ Next.js 16.1.6 (Turbopack)
- Environments: .env

  Creating an optimized production build ...
Γ£ô Compiled successfully in 4.0s
  Running TypeScript ...
npm : Failed to compile.
At line:1 char:1
+ npm run build 2>&1 | Tee-Object -FilePath 
build-output.txt
+ ~~~~~~~~~~~~~~~~~~
    + CategoryInfo          : NotSpecified: 
    (Failed to compile.:String) [], Remote  
  Exception
    + FullyQualifiedErrorId : NativeCommand 
   Error
 

./src/components/ui/chart.tsx:106:7
Type error: Property 'payload' does not 
exist on type 'Omit<Omit<Props<ValueType, 
NameType>, PropertiesReadFromContext> & { 
active?: boolean | undefined; 
allowEscapeViewBox?: AllowInDimension | 
undefined; ... 24 more ...; wrapperStyle?: 
CSSProperties | undefined; } & 
ClassAttributes<...> & HTMLAttributes<...> 
& { ...; }, "ref">'.

[0m [90m 104 |[39m     {
 [90m 105 |[39m       active[33m,[39m
[31m[1m>[22m[39m[90m 106 |[39m       
payload[33m,[39m
 [90m     |[39m       [31m[1m^[22m[39m
 [90m 107 |[39m       className[33m,[39m
 [90m 108 |[39m       indicator 
[33m=[39m [32m"dot"[39m[33m,[39m
 [90m 109 |[39m       hideLabel 
[33m=[39m [36mfalse[39m[33m,[39m[0m
Next.js build worker exited with code: 1 
and signal: null
